// Jest Snapshot v1, https://goo.gl/fbAQLP

exports[`Crypto decrypt AES256 1`] = `
Notepad {
  "assets": Array [],
  "lastModified": "1970-01-01T12:00:00.001+12:00",
  "notepadAssets": Array [
    "test",
  ],
  "sections": Array [
    Section {
      "internalRef": "abc",
      "notes": Array [
        Note {
          "bibliography": Array [],
          "elements": Array [],
          "internalRef": "abc",
          "parent": [Circular],
          "time": 1,
          "title": "test note",
        },
      ],
      "parent": [Circular],
      "sections": Array [],
      "title": "test section",
    },
  ],
  "title": "test",
}
`;

exports[`Crypto encrypt AES256 1`] = `
Object {
  "assets": Array [
    Asset {
      "data": Blob {
        Symbol(impl): BlobImpl {
          "_buffer": Object {
            "data": Array [
              116,
              101,
              115,
              116,
            ],
            "type": "Buffer",
          },
          "type": "",
          Symbol(wrapper): [Circular],
        },
      },
      "uuid": "abc",
    },
  ],
  "crypto": "AES-256",
  "lastModified": "1970-01-01T12:00:00.001+12:00",
  "notepadAssets": Array [
    "test",
  ],
  "sections": "a4bc7633fe1c3ab0af9b3735656ec452c359d65cc7f372812d49e375e1fd7583bd181b70701bffa44fd747b1b5097f4a41958c54330aa9ca0f186cc626afd8dd352a95f8f1e4945d51ca79447334ea132f482cf3da8ae1e10851bac53bb3842e99ad5039455b6536ba53be619a6cf5ba73681a39da6041682318eef298df5ec824a2be858a6c96d2109e7e7344a19f4e0e0ba37b49f71a25b0fe9b3e588565099d8e400f4d737a822368f3c652d9e67484fb68",
  "title": "test",
}
`;
