// Jest Snapshot v1, https://goo.gl/fbAQLP

exports[`Note should generate XML Object with required data 1`] = `
Object {
  "note": Object {
    "$": Object {
      "time": "1970-01-01T12:00:00.001+12:00",
      "title": "test note",
    },
    "addons": Array [
      Array [],
    ],
    "bibliography": Object {
      "source": Array [
        Object {
          "$": Object {
            "id": 1,
            "item": "markdown1",
          },
          "_": "test",
        },
        Object {
          "$": Object {
            "id": 2,
            "item": "markdown1",
          },
          "_": "test",
        },
      ],
    },
    "markdown": Array [
      Object {
        "$": Object {
          "id": "markdown1",
          "x": "10px",
          "y": "10px",
        },
        "_": "Hello, World!",
      },
    ],
  },
}
`;
