// Jest Snapshot v1, https://goo.gl/fbAQLP

exports[`Section should generate XML Object with required data 1`] = `
Object {
  "section": Object {
    "$": Object {
      "title": "test parent",
    },
    "note": Array [],
    "section": Array [
      Object {
        "$": Object {
          "title": "test child",
        },
        "note": Array [
          Object {
            "$": Object {
              "time": "1970-01-01T12:00:00.001+12:00",
              "title": "test note",
            },
            "addons": Array [],
            "bibliography": Array [],
          },
        ],
        "section": Array [],
      },
    ],
  },
}
`;
